2026-05-06 22:07:22 [background-preinit] INFO  org.hibernate.validator.internal.util.Version - HV000001: Hibernate Validator 8.0.0.Final
2026-05-06 22:07:22 [background-preinit] INFO  org.hibernate.validator.internal.util.Version - HV000001: Hibernate Validator 8.0.0.Final
2026-05-06 22:07:22 [main] INFO  com.zym.fastplatform.portal.PortalApplication - Starting PortalApplication using Java 17.0.17 with PID 10292 (E:\dev\zhanyue_platform\platform-portal\target\classes started by zym in E:\dev\zhanyue_platform)
2026-05-06 22:07:22 [main] INFO  com.zym.fastplatform.admin.AdminApplication - Starting AdminApplication using Java 17.0.17 with PID 32452 (E:\dev\zhanyue_platform\platform-admin\target\classes started by zym in E:\dev\zhanyue_platform)
2026-05-06 22:07:22 [main] INFO  com.zym.fastplatform.portal.PortalApplication - The following 1 profile is active: "dev"
2026-05-06 22:07:22 [main] INFO  com.zym.fastplatform.admin.AdminApplication - The following 1 profile is active: "dev"
2026-05-06 22:07:28 [main] INFO  o.s.d.r.config.RepositoryConfigurationDelegate - Multiple Spring Data modules found, entering strict repository configuration mode
2026-05-06 22:07:28 [main] INFO  o.s.d.r.config.RepositoryConfigurationDelegate - Bootstrapping Spring Data JPA repositories in DEFAULT mode.
2026-05-06 22:07:28 [main] INFO  o.s.d.r.config.RepositoryConfigurationDelegate - Finished Spring Data repository scanning in 105 ms. Found 0 JPA repository interfaces.
2026-05-06 22:07:29 [main] INFO  o.s.d.r.config.RepositoryConfigurationDelegate - Multiple Spring Data modules found, entering strict repository configuration mode
2026-05-06 22:07:29 [main] INFO  o.s.d.r.config.RepositoryConfigurationDelegate - Bootstrapping Spring Data Redis repositories in DEFAULT mode.
2026-05-06 22:07:29 [main] INFO  o.s.d.r.config.RepositoryConfigurationDelegate - Finished Spring Data repository scanning in 1 ms. Found 0 Redis repository interfaces.
2026-05-06 22:07:33 [main] INFO  o.s.d.r.config.RepositoryConfigurationDelegate - Multiple Spring Data modules found, entering strict repository configuration mode
2026-05-06 22:07:33 [main] INFO  o.s.d.r.config.RepositoryConfigurationDelegate - Bootstrapping Spring Data JPA repositories in DEFAULT mode.
2026-05-06 22:07:33 [main] INFO  o.s.d.r.config.RepositoryConfigurationDelegate - Finished Spring Data repository scanning in 453 ms. Found 29 JPA repository interfaces.
2026-05-06 22:07:33 [main] INFO  o.s.d.r.config.RepositoryConfigurationDelegate - Multiple Spring Data modules found, entering strict repository configuration mode
2026-05-06 22:07:33 [main] INFO  o.s.d.r.config.RepositoryConfigurationDelegate - Bootstrapping Spring Data Redis repositories in DEFAULT mode.
2026-05-06 22:07:33 [main] INFO  o.s.d.r.config.RepositoryConfigurationDelegate - Finished Spring Data repository scanning in 5 ms. Found 0 Redis repository interfaces.
2026-05-06 22:07:34 [main] INFO  o.s.boot.web.embedded.tomcat.TomcatWebServer - Tomcat initialized with port(s): 9002 (http)
2026-05-06 22:07:34 [main] INFO  org.apache.coyote.http11.Http11NioProtocol - Initializing ProtocolHandler ["http-nio-9002"]
2026-05-06 22:07:34 [main] INFO  org.apache.catalina.core.StandardService - Starting service [Tomcat]
2026-05-06 22:07:34 [main] INFO  org.apache.catalina.core.StandardEngine - Starting Servlet engine: [Apache Tomcat/10.1.1]
2026-05-06 22:07:34 [main] INFO  o.a.c.core.ContainerBase.[Tomcat].[localhost].[/] - Initializing Spring embedded WebApplicationContext
2026-05-06 22:07:34 [main] INFO  o.s.b.w.s.c.ServletWebServerApplicationContext - Root WebApplicationContext: initialization completed in 11859 ms
2026-05-06 22:07:34 [main] INFO  o.s.boot.web.embedded.tomcat.TomcatWebServer - Tomcat initialized with port(s): 9001 (http)
2026-05-06 22:07:34 [main] INFO  org.apache.coyote.http11.Http11NioProtocol - Initializing ProtocolHandler ["http-nio-9001"]
2026-05-06 22:07:34 [main] INFO  org.apache.catalina.core.StandardService - Starting service [Tomcat]
2026-05-06 22:07:34 [main] INFO  org.apache.catalina.core.StandardEngine - Starting Servlet engine: [Apache Tomcat/10.1.1]
2026-05-06 22:07:34 [main] INFO  org.hibernate.jpa.internal.util.LogHelper - HHH000204: Processing PersistenceUnitInfo [name: default]
2026-05-06 22:07:35 [main] INFO  o.a.c.c.C.[Tomcat].[localhost].[/api/v1] - Initializing Spring embedded WebApplicationContext
2026-05-06 22:07:35 [main] INFO  o.s.b.w.s.c.ServletWebServerApplicationContext - Root WebApplicationContext: initialization completed in 12432 ms
2026-05-06 22:07:35 [main] INFO  org.hibernate.Version - HHH000412: Hibernate ORM core version 6.1.5.Final
2026-05-06 22:07:35 [main] WARN  o.s.b.a.o.j.JpaBaseConfiguration$JpaWebConfiguration - spring.jpa.open-in-view is enabled by default. Therefore, database queries may be performed during view rendering. Explicitly configure spring.jpa.open-in-view to disable this warning
2026-05-06 22:07:35 [main] INFO  org.hibernate.jpa.internal.util.LogHelper - HHH000204: Processing PersistenceUnitInfo [name: default]
2026-05-06 22:07:35 [main] INFO  org.hibernate.Version - HHH000412: Hibernate ORM core version 6.1.5.Final
2026-05-06 22:07:36 [main] WARN  org.hibernate.orm.deprecation - HHH90000021: Encountered deprecated setting [javax.persistence.sharedCache.mode], use [jakarta.persistence.sharedCache.mode] instead
2026-05-06 22:07:36 [main] WARN  org.hibernate.orm.deprecation - HHH90000021: Encountered deprecated setting [javax.persistence.sharedCache.mode], use [jakarta.persistence.sharedCache.mode] instead
2026-05-06 22:07:36 [main] INFO  com.alibaba.druid.pool.DruidDataSource - {dataSource-1} inited
2026-05-06 22:07:36 [main] INFO  com.alibaba.druid.pool.DruidDataSource - {dataSource-1} inited
2026-05-06 22:07:36 [main] INFO  SQL dialect - HHH000400: Using dialect: org.hibernate.dialect.PostgreSQLDialect
2026-05-06 22:07:36 [main] INFO  SQL dialect - HHH000400: Using dialect: org.hibernate.dialect.PostgreSQLDialect
2026-05-06 22:07:37 [main] INFO  o.h.e.t.jta.platform.internal.JtaPlatformInitiator - HHH000490: Using JtaPlatform implementation: [org.hibernate.engine.transaction.jta.platform.internal.NoJtaPlatform]
2026-05-06 22:07:37 [main] INFO  o.s.orm.jpa.LocalContainerEntityManagerFactoryBean - Initialized JPA EntityManagerFactory for persistence unit 'default'
2026-05-06 22:07:37 [main] WARN  o.s.b.a.o.j.JpaBaseConfiguration$JpaWebConfiguration - spring.jpa.open-in-view is enabled by default. Therefore, database queries may be performed during view rendering. Explicitly configure spring.jpa.open-in-view to disable this warning
2026-05-06 22:07:38 [main] INFO  o.h.e.t.jta.platform.internal.JtaPlatformInitiator - HHH000490: Using JtaPlatform implementation: [org.hibernate.engine.transaction.jta.platform.internal.NoJtaPlatform]
2026-05-06 22:07:38 [main] INFO  o.s.orm.jpa.LocalContainerEntityManagerFactoryBean - Initialized JPA EntityManagerFactory for persistence unit 'default'
2026-05-06 22:07:39 [main] INFO  org.apache.coyote.http11.Http11NioProtocol - Starting ProtocolHandler ["http-nio-9002"]
2026-05-06 22:07:39 [main] INFO  o.s.boot.web.embedded.tomcat.TomcatWebServer - Tomcat started on port(s): 9002 (http) with context path ''
2026-05-06 22:07:39 [main] INFO  com.zym.fastplatform.portal.PortalApplication - Started PortalApplication in 18.762 seconds (process running for 21.715)
2026-05-06 22:07:46 [background-preinit] INFO  org.hibernate.validator.internal.util.Version - HV000001: Hibernate Validator 8.0.0.Final
2026-05-06 22:07:46 [main] INFO  com.zym.fastplatform.admin.AdminApplication - Starting AdminApplication using Java 17.0.17 with PID 25484 (E:\dev\zhanyue_platform\platform-admin\target\classes started by zym in E:\dev\zhanyue_platform)
2026-05-06 22:07:46 [main] INFO  com.zym.fastplatform.admin.AdminApplication - The following 1 profile is active: "dev"
2026-05-06 22:07:47 [main] INFO  o.s.d.r.config.RepositoryConfigurationDelegate - Multiple Spring Data modules found, entering strict repository configuration mode
2026-05-06 22:07:47 [main] INFO  o.s.d.r.config.RepositoryConfigurationDelegate - Bootstrapping Spring Data JPA repositories in DEFAULT mode.
2026-05-06 22:07:47 [main] INFO  o.s.d.r.config.RepositoryConfigurationDelegate - Finished Spring Data repository scanning in 161 ms. Found 29 JPA repository interfaces.
2026-05-06 22:07:47 [main] INFO  o.s.d.r.config.RepositoryConfigurationDelegate - Multiple Spring Data modules found, entering strict repository configuration mode
2026-05-06 22:07:47 [main] INFO  o.s.d.r.config.RepositoryConfigurationDelegate - Bootstrapping Spring Data Redis repositories in DEFAULT mode.
2026-05-06 22:07:47 [main] INFO  o.s.d.r.config.RepositoryConfigurationDelegate - Finished Spring Data repository scanning in 6 ms. Found 0 Redis repository interfaces.
2026-05-06 22:07:47 [main] INFO  o.s.boot.web.embedded.tomcat.TomcatWebServer - Tomcat initialized with port(s): 9001 (http)
2026-05-06 22:07:47 [main] INFO  org.apache.coyote.http11.Http11NioProtocol - Initializing ProtocolHandler ["http-nio-9001"]
2026-05-06 22:07:47 [main] INFO  org.apache.catalina.core.StandardService - Starting service [Tomcat]
2026-05-06 22:07:47 [main] INFO  org.apache.catalina.core.StandardEngine - Starting Servlet engine: [Apache Tomcat/10.1.1]
2026-05-06 22:07:47 [main] INFO  o.a.c.c.C.[Tomcat].[localhost].[/api/v1] - Initializing Spring embedded WebApplicationContext
2026-05-06 22:07:47 [main] INFO  o.s.b.w.s.c.ServletWebServerApplicationContext - Root WebApplicationContext: initialization completed in 1557 ms
2026-05-06 22:07:48 [main] WARN  o.s.b.a.o.j.JpaBaseConfiguration$JpaWebConfiguration - spring.jpa.open-in-view is enabled by default. Therefore, database queries may be performed during view rendering. Explicitly configure spring.jpa.open-in-view to disable this warning
2026-05-06 22:07:48 [main] INFO  org.hibernate.jpa.internal.util.LogHelper - HHH000204: Processing PersistenceUnitInfo [name: default]
2026-05-06 22:07:48 [main] INFO  org.hibernate.Version - HHH000412: Hibernate ORM core version 6.1.5.Final
2026-05-06 22:07:48 [main] WARN  org.hibernate.orm.deprecation - HHH90000021: Encountered deprecated setting [javax.persistence.sharedCache.mode], use [jakarta.persistence.sharedCache.mode] instead
2026-05-06 22:07:48 [main] INFO  com.alibaba.druid.pool.DruidDataSource - {dataSource-1} inited
2026-05-06 22:07:48 [main] INFO  SQL dialect - HHH000400: Using dialect: org.hibernate.dialect.PostgreSQLDialect
2026-05-06 22:07:49 [main] INFO  o.h.e.t.jta.platform.internal.JtaPlatformInitiator - HHH000490: Using JtaPlatform implementation: [org.hibernate.engine.transaction.jta.platform.internal.NoJtaPlatform]
2026-05-06 22:07:49 [main] INFO  o.s.orm.jpa.LocalContainerEntityManagerFactoryBean - Initialized JPA EntityManagerFactory for persistence unit 'default'
2026-05-06 22:07:51 [main] INFO  o.s.security.web.DefaultSecurityFilterChain - Will secure any request with [org.springframework.security.web.session.DisableEncodeUrlFilter@5c608988, org.springframework.security.web.context.request.async.WebAsyncManagerIntegrationFilter@4d979f76, org.springframework.security.web.context.SecurityContextHolderFilter@749635e9, org.springframework.security.web.header.HeaderWriterFilter@50bae745, org.springframework.web.filter.CorsFilter@559048b3, com.zym.fastplatform.framework.security.ExceptionHandlerFilter@be56353, org.springframework.security.web.authentication.logout.LogoutFilter@2ce1d507, com.zym.fastplatform.framework.security.JwtAuthenticationTokenFilter@615d74e9, org.springframework.security.web.authentication.www.BasicAuthenticationFilter@eac35fd, org.springframework.security.web.savedrequest.RequestCacheAwareFilter@46d7c4d0, org.springframework.security.web.servletapi.SecurityContextHolderAwareRequestFilter@18f52e63, org.springframework.security.web.authentication.AnonymousAuthenticationFilter@471ac7e2, org.springframework.security.web.access.ExceptionTranslationFilter@32b1d581, org.springframework.security.web.access.intercept.AuthorizationFilter@2e652f4e]
2026-05-06 22:07:51 [main] INFO  org.apache.coyote.http11.Http11NioProtocol - Starting ProtocolHandler ["http-nio-9001"]
2026-05-06 22:07:51 [main] INFO  o.s.boot.web.embedded.tomcat.TomcatWebServer - Tomcat started on port(s): 9001 (http) with context path '/api/v1'
2026-05-06 22:07:51 [main] INFO  com.zym.fastplatform.admin.AdminApplication - Started AdminApplication in 5.638 seconds (process running for 6.007)
